building
writing to data/results.csv
7 repeats, 1000 steps, up to 10 processes

  sequential                       (1/7)
  sequential                       (2/7)
  sequential                       (3/7)
  sequential                       (4/7)
  sequential                       (5/7)
  sequential                       (6/7)
  sequential                       (7/7)
  strong  n=1  agents=4000        (1/7)
  strong  n=1  agents=4000        (2/7)
  strong  n=1  agents=4000        (3/7)
  strong  n=1  agents=4000        (4/7)
  strong  n=1  agents=4000        (5/7)
  strong  n=1  agents=4000        (6/7)
  strong  n=1  agents=4000        (7/7)
  strong  n=2  agents=4000        (1/7)
  strong  n=2  agents=4000        (2/7)
  strong  n=2  agents=4000        (3/7)
  strong  n=2  agents=4000        (4/7)
  strong  n=2  agents=4000        (5/7)
  strong  n=2  agents=4000        (6/7)
  strong  n=2  agents=4000        (7/7)
  strong  n=4  agents=4000        (1/7)
  strong  n=4  agents=4000        (2/7)
  strong  n=4  agents=4000        (3/7)
  strong  n=4  agents=4000        (4/7)
  strong  n=4  agents=4000        (5/7)
  strong  n=4  agents=4000        (6/7)
  strong  n=4  agents=4000        (7/7)
  strong  n=5  agents=4000        (1/7)
  strong  n=5  agents=4000        (2/7)
  strong  n=5  agents=4000        (3/7)
  strong  n=5  agents=4000        (4/7)
  strong  n=5  agents=4000        (5/7)
  strong  n=5  agents=4000        (6/7)
  strong  n=5  agents=4000        (7/7)
  strong  n=8  agents=4000        (1/7)
  strong  n=8  agents=4000        (2/7)
  strong  n=8  agents=4000        (3/7)
  strong  n=8  agents=4000        (4/7)
  strong  n=8  agents=4000        (5/7)
  strong  n=8  agents=4000        (6/7)
  strong  n=8  agents=4000        (7/7)
  strong  n=10  agents=4000        (1/7)
  strong  n=10  agents=4000        (2/7)
  strong  n=10  agents=4000        (3/7)
  strong  n=10  agents=4000        (4/7)
  strong  n=10  agents=4000        (5/7)
  strong  n=10  agents=4000        (6/7)
  strong  n=10  agents=4000        (7/7)
  phases  n=1  agents=4000        (1/7)
  phases  n=1  agents=4000        (2/7)
  phases  n=1  agents=4000        (3/7)
  phases  n=1  agents=4000        (4/7)
  phases  n=1  agents=4000        (5/7)
  phases  n=1  agents=4000        (6/7)
  phases  n=1  agents=4000        (7/7)
  phases  n=2  agents=4000        (1/7)
  phases  n=2  agents=4000        (2/7)
  phases  n=2  agents=4000        (3/7)
  phases  n=2  agents=4000        (4/7)
  phases  n=2  agents=4000        (5/7)
  phases  n=2  agents=4000        (6/7)
  phases  n=2  agents=4000        (7/7)
  phases  n=4  agents=4000        (1/7)
  phases  n=4  agents=4000        (2/7)
  phases  n=4  agents=4000        (3/7)
  phases  n=4  agents=4000        (4/7)
  phases  n=4  agents=4000        (5/7)
  phases  n=4  agents=4000        (6/7)
  phases  n=4  agents=4000        (7/7)
  phases  n=5  agents=4000        (1/7)
  phases  n=5  agents=4000        (2/7)
  phases  n=5  agents=4000        (3/7)
  phases  n=5  agents=4000        (4/7)
  phases  n=5  agents=4000        (5/7)
  phases  n=5  agents=4000        (6/7)
  phases  n=5  agents=4000        (7/7)
  phases  n=8  agents=4000        (1/7)
  phases  n=8  agents=4000        (2/7)
  phases  n=8  agents=4000        (3/7)
  phases  n=8  agents=4000        (4/7)
  phases  n=8  agents=4000        (5/7)
  phases  n=8  agents=4000        (6/7)
  phases  n=8  agents=4000        (7/7)
  phases  n=10  agents=4000        (1/7)
  phases  n=10  agents=4000        (2/7)
  phases  n=10  agents=4000        (3/7)
  phases  n=10  agents=4000        (4/7)
  phases  n=10  agents=4000        (5/7)
  phases  n=10  agents=4000        (6/7)
  phases  n=10  agents=4000        (7/7)
  weak    n=1  agents=500         (1/7)
  weak    n=1  agents=500         (2/7)
  weak    n=1  agents=500         (3/7)
  weak    n=1  agents=500         (4/7)
  weak    n=1  agents=500         (5/7)
  weak    n=1  agents=500         (6/7)
  weak    n=1  agents=500         (7/7)
  weak    n=2  agents=1000         (1/7)
  weak    n=2  agents=1000         (2/7)
  weak    n=2  agents=1000         (3/7)
  weak    n=2  agents=1000         (4/7)
  weak    n=2  agents=1000         (5/7)
  weak    n=2  agents=1000         (6/7)
  weak    n=2  agents=1000         (7/7)
  weak    n=4  agents=2000         (1/7)
  weak    n=4  agents=2000         (2/7)
  weak    n=4  agents=2000         (3/7)
  weak    n=4  agents=2000         (4/7)
  weak    n=4  agents=2000         (5/7)
  weak    n=4  agents=2000         (6/7)
  weak    n=4  agents=2000         (7/7)
  weak    n=5  agents=2500         (1/7)
  weak    n=5  agents=2500         (2/7)
  weak    n=5  agents=2500         (3/7)
  weak    n=5  agents=2500         (4/7)
  weak    n=5  agents=2500         (5/7)
  weak    n=5  agents=2500         (6/7)
  weak    n=5  agents=2500         (7/7)
  weak    n=8  agents=4000         (1/7)
  weak    n=8  agents=4000         (2/7)
  weak    n=8  agents=4000         (3/7)
  weak    n=8  agents=4000         (4/7)
  weak    n=8  agents=4000         (5/7)
  weak    n=8  agents=4000         (6/7)
  weak    n=8  agents=4000         (7/7)
  weak    n=10  agents=5000         (1/7)
  weak    n=10  agents=5000         (2/7)
  weak    n=10  agents=5000         (3/7)
  weak    n=10  agents=5000         (4/7)
  weak    n=10  agents=5000         (5/7)
  weak    n=10  agents=5000         (6/7)
  weak    n=10  agents=5000         (7/7)

done: 133 runs in 11m 20s
results in data/results.csv (133 rows)
